GAMS 32.2.0  rc62c018 Released Aug 26, 2020 WEX-WEI x86 64bit/MS Windows - 09/28/20 16:59:39 Page 1
G e n e r a l   A l g e b r a i c   M o d e l i n g   S y s t e m
C o m p i l a t i o n


      CEE 6410 Fall 2020
      Problem 6.1 in Bishop et. al
       
      Minimize cost to supply water by a new treatment plant or wholesale contract
      This is the relaxed version that treats the interger decision variables
      as standard, positive, continuous variables.
       
      Integer version using INTEGER VARIABLES statement and SOLVE as MIP.
       
      Andrew Walker
  13   
  14  * 1. DEFINE the SETS
  15  SETS src water supply sources /tp "treatment plant", wc "wholesale contract"/;
  16   
  17  * 2. DEFINE input data
  18  PARAMETERS
  19     CapCost(src) capital cost ($ to build)
  20           /tp 90000/
  21     OpCost(src) operating cost ($ per ac-ft)
  22           /tp 120
  23            wc 150/
  24     MaxCapacity(src) Maximum capacity of source when built (ac-ft per year)
  25            /tp 2000,
  26             wc  12000/
  27     MinUse(src) Minimum required use of source when built (ac-ft per year)
  28            /tp 0,
  29             wc  1000/
  30     TotDemand  Total Demand (ac-ft per year) /2000/
  31  * "Integer" variables free within 0 to 1 bounds. Same as "Binary Variables" statement below
  32  * Leave values as is
  33     IntUpBnd(src) Upper bound on integer variables (#)
  34            /tp 1,
  35             wc 1/
  36     IntLowBnd(src) Lower bound on integer variables (#)
  37             /tp 0,
  38             wc 0/
  39   
  40  * 3. DEFINE the variables
  41  VARIABLES I(src) binary decision to build or do prject from source src (1=yes 0=no)
  42            X(src) volume of water provided by source src (ac-ft per year)
  43            TCOST  total capital and operating costs of supply actions ($);
  44   
  45  BINARY VARIABLES I;
  46  * Non-negativity constraints
  47  POSITIVE VARIABLES X;
  48   
  49  * 4. COMBINE variables and data in equations
  50  EQUATIONS
  51     COST            Total Cost ($) and objective function value
  52     MaxCap(src)     Maximum capacity of source when built (ac-ft per year)
  53     MinReqUse(src)  Minimum required use of source when built (ac-ft per year)
  54     MeetDemand      Meet demand (ac-ft per year)
  55     IntUpBound(src) Upper bound on interger variables (number)
  56     IntLowBound(src) Lower bound on integer variables (number);
  57   
  58  COST..                 TCOST =E= SUM(src,CapCost(src)*I(src) + OpCost(src)*X(src));
  59  MaxCap(src) ..           X(src) =L= MaxCapacity(src)*I(src);
  60  MinReqUse(src) ..        X(src) =G= MinUse(src)*I(src);
  61  MeetDemand ..            sum(src,X(src)) =G= TotDemand;
  62  IntUpBound(src) ..       I(src) =L= IntUpBnd(src);
  63  IntLowBound(src) ..      I(src) =G= IntLowBnd(src);
  64   
  65  * 5. DEFINE the MODEL from the EQUATIONS
  66  MODEL WatSupplyRelaxed /ALL/;
  67   
  68  * 6. Solve the Model as an LP (relaxed IP)
  69  SOLVE WatSupplyRelaxed USING MIP MINIMIZING TCOST;
  70   
  71  DISPLAY X.L, I.L, TCOST.L;
  72   
  73  * Dump all input data and results to a GAMS gdx file
  74  Execute_Unload "Ex6-3-integer.gdx";
  75  * Dump the gdx file to an Excel workbook
  76  Execute "gdx2xls Ex6-3-integer.gdx"


COMPILATION TIME     =        0.015 SECONDS      3 MB  32.2.0 rc62c018 WEX-WEI
GAMS 32.2.0  rc62c018 Released Aug 26, 2020 WEX-WEI x86 64bit/MS Windows - 09/28/20 16:59:39 Page 2
G e n e r a l   A l g e b r a i c   M o d e l i n g   S y s t e m
Equation Listing    SOLVE WatSupplyRelaxed Using MIP From line 69


---- COST  =E=  Total Cost ($) and objective function value

COST..  - 90000*I(tp) - 120*X(tp) - 150*X(wc) + TCOST =E= 0 ; (LHS = 0)
     

---- MaxCap  =L=  Maximum capacity of source when built (ac-ft per year)

MaxCap(tp)..  - 2000*I(tp) + X(tp) =L= 0 ; (LHS = 0)
     
MaxCap(wc)..  - 12000*I(wc) + X(wc) =L= 0 ; (LHS = 0)
     

---- MinReqUse  =G=  Minimum required use of source when built (ac-ft per year)

MinReqUse(tp)..  X(tp) =G= 0 ; (LHS = 0)
     
MinReqUse(wc)..  - 1000*I(wc) + X(wc) =G= 0 ; (LHS = 0)
     

---- MeetDemand  =G=  Meet demand (ac-ft per year)

MeetDemand..  X(tp) + X(wc) =G= 2000 ; (LHS = 0, INFES = 2000 ****)
     

---- IntUpBound  =L=  Upper bound on interger variables (number)

IntUpBound(tp)..  I(tp) =L= 1 ; (LHS = 0)
     
IntUpBound(wc)..  I(wc) =L= 1 ; (LHS = 0)
     

---- IntLowBound  =G=  Lower bound on integer variables (number)

IntLowBound(tp)..  I(tp) =G= 0 ; (LHS = 0)
     
IntLowBound(wc)..  I(wc) =G= 0 ; (LHS = 0)
     
GAMS 32.2.0  rc62c018 Released Aug 26, 2020 WEX-WEI x86 64bit/MS Windows - 09/28/20 16:59:39 Page 3
G e n e r a l   A l g e b r a i c   M o d e l i n g   S y s t e m
Column Listing      SOLVE WatSupplyRelaxed Using MIP From line 69


---- I  binary decision to build or do prject from source src (1=yes 0=no)

I(tp)
                (.LO, .L, .UP, .M = 0, 0, 1, 0)
   -90000       COST
    -2000       MaxCap(tp)
        1       IntUpBound(tp)
        1       IntLowBound(tp)

I(wc)
                (.LO, .L, .UP, .M = 0, 0, 1, 0)
   -12000       MaxCap(wc)
    -1000       MinReqUse(wc)
        1       IntUpBound(wc)
        1       IntLowBound(wc)


---- X  volume of water provided by source src (ac-ft per year)

X(tp)
                (.LO, .L, .UP, .M = 0, 0, +INF, 0)
     -120       COST
        1       MaxCap(tp)
        1       MinReqUse(tp)
        1       MeetDemand

X(wc)
                (.LO, .L, .UP, .M = 0, 0, +INF, 0)
     -150       COST
        1       MaxCap(wc)
        1       MinReqUse(wc)
        1       MeetDemand


---- TCOST  total capital and operating costs of supply actions ($)

TCOST
                (.LO, .L, .UP, .M = -INF, 0, +INF, 0)
        1       COST

GAMS 32.2.0  rc62c018 Released Aug 26, 2020 WEX-WEI x86 64bit/MS Windows - 09/28/20 16:59:39 Page 4
G e n e r a l   A l g e b r a i c   M o d e l i n g   S y s t e m
Model Statistics    SOLVE WatSupplyRelaxed Using MIP From line 69


MODEL STATISTICS

BLOCKS OF EQUATIONS           6     SINGLE EQUATIONS           10
BLOCKS OF VARIABLES           3     SINGLE VARIABLES            5
NON ZERO ELEMENTS            17     DISCRETE VARIABLES          2


GENERATION TIME      =        0.016 SECONDS      4 MB  32.2.0 rc62c018 WEX-WEI
GAMS 32.2.0  rc62c018 Released Aug 26, 2020 WEX-WEI x86 64bit/MS Windows - 09/28/20 16:59:39 Page 5
G e n e r a l   A l g e b r a i c   M o d e l i n g   S y s t e m
Solution Report     SOLVE WatSupplyRelaxed Using MIP From line 69


               S O L V E      S U M M A R Y

     MODEL   WatSupplyRelaxed    OBJECTIVE  TCOST
     TYPE    MIP                 DIRECTION  MINIMIZE
     SOLVER  CPLEX               FROM LINE  69

**** SOLVER STATUS     1 Normal Completion         
**** MODEL STATUS      1 Optimal                   
**** OBJECTIVE VALUE           300000.0000

 RESOURCE USAGE, LIMIT          0.016 10000000000.000
 ITERATION COUNT, LIMIT         0    2147483647

IBM ILOG CPLEX   32.2.0 rc62c018 Released Aug 26, 2020 WEI x86 64bit/MS Window
--- GAMS/Cplex Link licensed for continuous and discrete problems.
Cplex 12.10.0.0

Space for names approximately 0.00 Mb
Use option 'names no' to turn use of names off
MIP status(101): integer optimal solution
Cplex Time: 0.02sec (det. 0.03 ticks)
Fixing integer variables, and solving final LP...
Fixed MIP status(1): optimal
Cplex Time: 0.00sec (det. 0.01 ticks)
Proven optimal solution.

MIP Solution:       300000.000000    (0 iterations, 0 nodes)
Final Solve:        300000.000000    (0 iterations)

Best possible:      300000.000000
Absolute gap:            0.000000
Relative gap:            0.000000


                           LOWER          LEVEL          UPPER         MARGINAL

---- EQU COST                .              .              .             1.0000      

  COST  Total Cost ($) and objective function value

---- EQU MaxCap  Maximum capacity of source when built (ac-ft per year)

          LOWER          LEVEL          UPPER         MARGINAL

tp        -INF             .              .           -30.0000      
wc        -INF       -10000.0000          .              .          

---- EQU MinReqUse  Minimum required use of source when built (ac-ft per year)

          LOWER          LEVEL          UPPER         MARGINAL

tp          .              .            +INF             .          
wc          .          1000.0000        +INF             .          

                           LOWER          LEVEL          UPPER         MARGINAL

---- EQU MeetDemand      2000.0000      2000.0000        +INF          150.0000      

  MeetDemand  Meet demand (ac-ft per year)

---- EQU IntUpBound  Upper bound on interger variables (number)

          LOWER          LEVEL          UPPER         MARGINAL

tp        -INF             .             1.0000          .          
wc        -INF            1.0000         1.0000          .          

---- EQU IntLowBound  Lower bound on integer variables (number)

          LOWER          LEVEL          UPPER         MARGINAL

tp          .              .            +INF             .          
wc          .             1.0000        +INF             .          

---- VAR I  binary decision to build or do prject from source src (1=yes 0=no)

          LOWER          LEVEL          UPPER         MARGINAL

tp          .              .             1.0000     30000.0000      
wc          .             1.0000         1.0000         EPS         

---- VAR X  volume of water provided by source src (ac-ft per year)

          LOWER          LEVEL          UPPER         MARGINAL

tp          .              .            +INF             .          
wc          .          2000.0000        +INF             .          

                           LOWER          LEVEL          UPPER         MARGINAL

---- VAR TCOST             -INF       300000.0000        +INF             .          

  TCOST  total capital and operating costs of supply actions ($)


**** REPORT SUMMARY :        0     NONOPT
                             0 INFEASIBLE
                             0  UNBOUNDED
                             2  PROJECTED
GAMS 32.2.0  rc62c018 Released Aug 26, 2020 WEX-WEI x86 64bit/MS Windows - 09/28/20 16:59:39 Page 6
G e n e r a l   A l g e b r a i c   M o d e l i n g   S y s t e m
E x e c u t i o n


----     71 VARIABLE X.L  volume of water provided by source src (ac-ft per year)

wc 2000.000


----     71 VARIABLE I.L  binary decision to build or do prject from source src (1=yes 0=no)

wc 1.000


----     71 VARIABLE TCOST.L               =   300000.000  total capital and operating costs of supply actions ($)


EXECUTION TIME       =        1.625 SECONDS      4 MB  32.2.0 rc62c018 WEX-WEI


USER: Small MUD - 5 User License                     G200622/0001AP-GEN
      Utah State University, Utah Water Research Laboratory      DC7087
      License for teaching and research at degree granting institutions


**** FILE SUMMARY

Input      C:\Users\oboem\Documents\GitHub\CEE-5410-Walker\Ex6-3-integer.gms
Output     C:\Users\oboem\Documents\GitHub\CEE-5410-Walker\Ex6-3-integer.lst
